// Jest Snapshot v1, https://goo.gl/fbAQLP

exports[`validate options should throw an error on the "filterSourceMappingUrl" option with "/test/" value 1`] = `
"Invalid options object. Source Map Loader has been initialized using an options object that does not match the API schema.
 - options.filterSourceMappingUrl should be an instance of function."
`;

exports[`validate options should throw an error on the "filterSourceMappingUrl" option with "[]" value 1`] = `
"Invalid options object. Source Map Loader has been initialized using an options object that does not match the API schema.
 - options.filterSourceMappingUrl should be an instance of function."
`;

exports[`validate options should throw an error on the "filterSourceMappingUrl" option with "{"foo":"bar"}" value 1`] = `
"Invalid options object. Source Map Loader has been initialized using an options object that does not match the API schema.
 - options.filterSourceMappingUrl should be an instance of function."
`;

exports[`validate options should throw an error on the "filterSourceMappingUrl" option with "{}" value 1`] = `
"Invalid options object. Source Map Loader has been initialized using an options object that does not match the API schema.
 - options.filterSourceMappingUrl should be an instance of function."
`;

exports[`validate options should throw an error on the "filterSourceMappingUrl" option with "1" value 1`] = `
"Invalid options object. Source Map Loader has been initialized using an options object that does not match the API schema.
 - options.filterSourceMappingUrl should be an instance of function."
`;

exports[`validate options should throw an error on the "filterSourceMappingUrl" option with "false" value 1`] = `
"Invalid options object. Source Map Loader has been initialized using an options object that does not match the API schema.
 - options.filterSourceMappingUrl should be an instance of function."
`;

exports[`validate options should throw an error on the "filterSourceMappingUrl" option with "test" value 1`] = `
"Invalid options object. Source Map Loader has been initialized using an options object that does not match the API schema.
 - options.filterSourceMappingUrl should be an instance of function."
`;

exports[`validate options should throw an error on the "filterSourceMappingUrl" option with "true" value 1`] = `
"Invalid options object. Source Map Loader has been initialized using an options object that does not match the API schema.
 - options.filterSourceMappingUrl should be an instance of function."
`;

exports[`validate options should throw an error on the "unknown" option with "/test/" value 1`] = `
"Invalid options object. Source Map Loader has been initialized using an options object that does not match the API schema.
 - options has an unknown property 'unknown'. These properties are valid:
   object { filterSourceMappingUrl? }"
`;

exports[`validate options should throw an error on the "unknown" option with "[]" value 1`] = `
"Invalid options object. Source Map Loader has been initialized using an options object that does not match the API schema.
 - options has an unknown property 'unknown'. These properties are valid:
   object { filterSourceMappingUrl? }"
`;

exports[`validate options should throw an error on the "unknown" option with "{"foo":"bar"}" value 1`] = `
"Invalid options object. Source Map Loader has been initialized using an options object that does not match the API schema.
 - options has an unknown property 'unknown'. These properties are valid:
   object { filterSourceMappingUrl? }"
`;

exports[`validate options should throw an error on the "unknown" option with "{}" value 1`] = `
"Invalid options object. Source Map Loader has been initialized using an options object that does not match the API schema.
 - options has an unknown property 'unknown'. These properties are valid:
   object { filterSourceMappingUrl? }"
`;

exports[`validate options should throw an error on the "unknown" option with "1" value 1`] = `
"Invalid options object. Source Map Loader has been initialized using an options object that does not match the API schema.
 - options has an unknown property 'unknown'. These properties are valid:
   object { filterSourceMappingUrl? }"
`;

exports[`validate options should throw an error on the "unknown" option with "false" value 1`] = `
"Invalid options object. Source Map Loader has been initialized using an options object that does not match the API schema.
 - options has an unknown property 'unknown'. These properties are valid:
   object { filterSourceMappingUrl? }"
`;

exports[`validate options should throw an error on the "unknown" option with "test" value 1`] = `
"Invalid options object. Source Map Loader has been initialized using an options object that does not match the API schema.
 - options has an unknown property 'unknown'. These properties are valid:
   object { filterSourceMappingUrl? }"
`;

exports[`validate options should throw an error on the "unknown" option with "true" value 1`] = `
"Invalid options object. Source Map Loader has been initialized using an options object that does not match the API schema.
 - options has an unknown property 'unknown'. These properties are valid:
   object { filterSourceMappingUrl? }"
`;
